c:\users\cg2\generated\cg2_01\project\externals\directxtex\bin\desktop_2022_win10\x64\development\directxtex.pch
c:\users\cg2\generated\cg2_01\project\externals\directxtex\bin\desktop_2022_win10\x64\development\directxtex.pdb
c:\users\cg2\generated\cg2_01\project\externals\directxtex\bin\desktop_2022_win10\x64\development\directxtexutil.obj
c:\users\cg2\generated\cg2_01\project\externals\directxtex\bin\desktop_2022_win10\x64\development\directxtexwic.obj
c:\users\cg2\generated\cg2_01\project\externals\directxtex\bin\desktop_2022_win10\x64\development\directxtextga.obj
c:\users\cg2\generated\cg2_01\project\externals\directxtex\bin\desktop_2022_win10\x64\development\directxtexresize.obj
c:\users\cg2\generated\cg2_01\project\externals\directxtex\bin\desktop_2022_win10\x64\development\directxtexpmalpha.obj
c:\users\cg2\generated\cg2_01\project\externals\directxtex\bin\desktop_2022_win10\x64\development\directxtexnormalmaps.obj
c:\users\cg2\generated\cg2_01\project\externals\directxtex\bin\desktop_2022_win10\x64\development\directxtexmisc.obj
c:\users\cg2\generated\cg2_01\project\externals\directxtex\bin\desktop_2022_win10\x64\development\directxtexmipmaps.obj
c:\users\cg2\generated\cg2_01\project\externals\directxtex\bin\desktop_2022_win10\x64\development\directxteximage.obj
c:\users\cg2\generated\cg2_01\project\externals\directxtex\bin\desktop_2022_win10\x64\development\directxtexhdr.obj
c:\users\cg2\generated\cg2_01\project\externals\directxtex\bin\desktop_2022_win10\x64\development\directxtexfliprotate.obj
c:\users\cg2\generated\cg2_01\project\externals\directxtex\bin\desktop_2022_win10\x64\development\directxtexdds.obj
c:\users\cg2\generated\cg2_01\project\externals\directxtex\bin\desktop_2022_win10\x64\development\directxtexd3d12.obj
c:\users\cg2\generated\cg2_01\project\externals\directxtex\bin\desktop_2022_win10\x64\development\directxtexd3d11.obj
c:\users\cg2\generated\cg2_01\project\externals\directxtex\bin\desktop_2022_win10\x64\development\directxtexconvert.obj
c:\users\cg2\generated\cg2_01\project\externals\directxtex\bin\desktop_2022_win10\x64\development\directxtexcompressgpu.obj
c:\users\cg2\generated\cg2_01\project\externals\directxtex\bin\desktop_2022_win10\x64\development\directxtexcompress.obj
c:\users\cg2\generated\cg2_01\project\externals\directxtex\bin\desktop_2022_win10\x64\development\bcdirectcompute.obj
c:\users\cg2\generated\cg2_01\project\externals\directxtex\bin\desktop_2022_win10\x64\development\bc6hbc7.obj
c:\users\cg2\generated\cg2_01\project\externals\directxtex\bin\desktop_2022_win10\x64\development\bc4bc5.obj
c:\users\cg2\generated\cg2_01\project\externals\directxtex\bin\desktop_2022_win10\x64\development\bc.obj
c:\users\cg2\generated\cg2_01\project\externals\directxtex\bin\desktop_2022_win10\x64\development\directxtex.lib
c:\users\cg2\generated\cg2_01\project\externals\directxtex\bin\desktop_2022_win10\x64\development\directxtex.tlog\cl.command.1.tlog
c:\users\cg2\generated\cg2_01\project\externals\directxtex\bin\desktop_2022_win10\x64\development\directxtex.tlog\cl.items.tlog
c:\users\cg2\generated\cg2_01\project\externals\directxtex\bin\desktop_2022_win10\x64\development\directxtex.tlog\cl.read.1.tlog
c:\users\cg2\generated\cg2_01\project\externals\directxtex\bin\desktop_2022_win10\x64\development\directxtex.tlog\cl.write.1.tlog
c:\users\cg2\generated\cg2_01\project\externals\directxtex\bin\desktop_2022_win10\x64\development\directxtex.tlog\lib-link.read.1.tlog
c:\users\cg2\generated\cg2_01\project\externals\directxtex\bin\desktop_2022_win10\x64\development\directxtex.tlog\lib-link.write.1.tlog
c:\users\cg2\generated\cg2_01\project\externals\directxtex\bin\desktop_2022_win10\x64\development\directxtex.tlog\lib.command.1.tlog
