Use Adapater:NVIDIA GeForce RTX 4060 Laptop GPU

FeatureLevel : 12.2

Complete create D3D12Device!!!

Begin CompileShader,path:Particle.VS.hlsl,profike:vs_6_0

Compile Succeeded, path:Particle.VS.hlsl, profike:vs_6_0
 
Begin CompileShader,path:Particle.PS.hlsl,profike:ps_6_0

Particle.PS.hlsl:19:30: error: use of undeclared identifier 'input'
        float3 N = normalize(input.normal);
                             ^
Particle.PS.hlsl:20:31: error: use of undeclared identifier 'directionalLight'; did you mean 'gDirectionalLight'?
        float3 L = normalize(-directionalLight.direction);
                              ^~~~~~~~~~~~~~~~
                              gDirectionalLight
./Particle.hlsli:48:22: note: 'gDirectionalLight' declared here
    DirectionalLight gDirectionalLight;
                     ^
Particle.PS.hlsl:23:43: error: use of undeclared identifier 'samplerLinear'
        float3 texColor = gTexture.Sample(samplerLinear, input.texcoord).rgb;
                                          ^
Particle.PS.hlsl:23:58: error: use of undeclared identifier 'input'
        float3 texColor = gTexture.Sample(samplerLinear, input.texcoord).rgb;
                                                         ^
Particle.PS.hlsl:30:5: error: use of undeclared identifier 'directionalLight'; did you mean 'gDirectionalLight'?
    directionalLight.color.rgb * directionalLight.intensity * NdotL;
    ^~~~~~~~~~~~~~~~
    gDirectionalLight
./Particle.hlsli:48:22: note: 'gDirectionalLight' declared here
    DirectionalLight gDirectionalLight;
                     ^
Particle.PS.hlsl:30:34: error: use of undeclared identifier 'directionalLight'; did you mean 'gDirectionalLight'?
    directionalLight.color.rgb * directionalLight.intensity * NdotL;
                                 ^~~~~~~~~~~~~~~~
                                 gDirectionalLight
./Particle.hlsli:48:22: note: 'gDirectionalLight' declared here
    DirectionalLight gDirectionalLight;
                     ^

